
black....................................................................Failed
- hook id: black
- files were modified by this hook

flake8...................................................................Failed
- hook id: flake8
error: file.py:10:1: E302 expected 2 blank lines, found 1

